
> debsoc-backend@1.0.0 build
> tsc

error TS6059: File 'C:/Users/mobas/OneDrive/Documents/Debsoc/Debsoc-Backend/api/index.ts' is not under 'rootDir' 'C:/Users/mobas/OneDrive/Documents/Debsoc/Debsoc-Backend/src'. 'rootDir' is expected to contain all source files.
  The file is in the program because:
    Matched by default include pattern '**/*'
  File is ECMAScript module because 'C:/Users/mobas/OneDrive/Documents/Debsoc/Debsoc-Backend/package.json' has field "type" with value "module"
